// Jest Snapshot v1, https://goo.gl/fbAQLP

exports[`Sort functions should throw the error when empty data send 1`] = `"Empty source string was provided!"`;
